[INFO] Scanning for projects...
[INFO] 
[INFO] -----------------------< com.ccms:ccms-backend >------------------------
[INFO] Building CCMS Backend 1.0.0
[INFO] --------------------------------[ jar ]---------------------------------
[WARNING] The artifact mysql:mysql-connector-java:jar:8.0.33 has been relocated to com.mysql:mysql-connector-j:jar:8.0.33
[INFO] 
[INFO] --- jacoco-maven-plugin:0.8.12:prepare-agent (prepare-agent) @ ccms-backend ---
[INFO] argLine set to -javaagent:D:\\maven-repo\\org\\jacoco\\org.jacoco.agent\\0.8.12\\org.jacoco.agent-0.8.12-runtime.jar=destfile=D:\\aitools\\comate\\CCMS\\backend\\target\\jacoco.exec,excludes=**/entity/**:**/dto/**:**/config/**:**/constant/**:**/vo/**:**/enums/**:**/aspect/**
[INFO] 
[INFO] --- maven-resources-plugin:3.3.1:resources (default-resources) @ ccms-backend ---
[INFO] Copying 5 resources from src\main\resources to target\classes
[INFO] Copying 1 resource from src\main\resources to target\classes
[INFO] Copying 6 resources from target\classes to target\classes
[INFO] 
[INFO] --- maven-compiler-plugin:3.11.0:compile (default-compile) @ ccms-backend ---
[INFO] Changes detected - recompiling the module! :source
[INFO] Compiling 364 source files with javac [debug deprecation release 21] to target\classes
[INFO] -------------------------------------------------------------
[ERROR] COMPILATION ERROR : 
[INFO] -------------------------------------------------------------
[ERROR] /D:/aitools/comate/CCMS/backend/src/main/java/com/ccms/vo/ApprovalStatisticsVO.java:[859,2] 进行语法分析时已到达文件结尾
[INFO] 1 error
[INFO] -------------------------------------------------------------
[INFO] ------------------------------------------------------------------------
[INFO] BUILD FAILURE
[INFO] ------------------------------------------------------------------------
[INFO] Total time:  4.931 s
[INFO] Finished at: 2026-05-12T10:59:23+08:00
[INFO] ------------------------------------------------------------------------
[ERROR] Failed to execute goal org.apache.maven.plugins:maven-compiler-plugin:3.11.0:compile (default-compile) on project ccms-backend: Compilation failure
[ERROR] /D:/aitools/comate/CCMS/backend/src/main/java/com/ccms/vo/ApprovalStatisticsVO.java:[859,2] 进行语法分析时已到达文件结尾
[ERROR] 
[ERROR] -> [Help 1]
[ERROR] 
[ERROR] To see the full stack trace of the errors, re-run Maven with the -e switch.
[ERROR] Re-run Maven using the -X switch to enable full debug logging.
[ERROR] 
[ERROR] For more information about the errors and possible solutions, please read the following articles:
[ERROR] [Help 1] http://cwiki.apache.org/confluence/display/MAVEN/MojoFailureException
